Gs^Ft, Gll^Ftr, Gll^Ftr, Gll^Ftr, Gll^Ftr, Gll^Ftr, Gll^Ftr, Gll^Ftr, Mdd, Mdd, Ce, Gll^Ftr, Gll^Ftr, Mdd, Gll^Ftr, Mdd, Gll^Ftr, Gll^Ftr, Mdd, Mdd, Mdd, Gll^Ftr, Gll^Ftr, Mdd, Gs^Ft, Gll^Ftr, Gs^Ft, Gll^Ftr, Gll^Ftr, Gll^Ftr, Mdd, Mdd, Mdd, Mdd, Mdd, Gll^Ftr, Hd, Dd, Dd, Dd, Rd, Dd, Hd, Hd^Ftd, Gs^Ft, Gll^Ftr, Gll^Ftr, Gll^Ftr, Mdd, Mdd, Mdd, Gll^Ftr, Gs^Ft, Gll^Ftr, Gg^Efm, Gg, Gs^Ft, Gg^Efm, Gs^Ft, Gll^Ftr, Gll^Ftr, Gll^Ftr, Gll^Ftr, Gs^Ftp, Gs^Ftp, Gs^Ftp, Mdd, Mdd, Dd, Dd, Dd, Dd
Gg^Efm, Gs^Ft, Mdd, Mdd, Mdd, Gll^Ftr, Gll^Ftr, Mdd, Gll^Ftr, Gll^Ftr, Gs^Ft, Gll^Ftr, Mdd, Gll^Ftr, Mdd, Mdd, Mdd, Gll^Ftr, Gll^Ftr, Mdd, Mdd, Mdd, Mdd, Gll^Ftr, Gll^Ftr, Gg^Efm, Gg^Efm, Gll^Ftr, Mdd, Mdd, Gll^Ftr, Gll^Ftr, Gll^Ftr, Mdd, Mdd, Mdd, Mdd, Hd, Dd, Rd, Dd, Dd, Hd, Hd^Ftd, Mdd, Gs^Ft, Gll^Ftr, Gll^Ftr, Gll^Ftr, Mdd, Gll^Ftr, Gll^Ftr, Gg^Efm, Gs^Ft, Gg^Efm, Gs^Ft, Gg^Efm, Gg^Efm, Gll^Ftr, Gll^Ftr, Mdd, Gs^Ftp, Mdd, Gs^Ftp, Hd^Ftd, Mdd, Dd, Dd, Dd, Dd, Dd, Dd
Gg^Efm, Gll^Ftr, Gs^Ft, Mdd, Gll^Ftr, Gll^Ftr, Mdd, Gll^Ftr, Gs^Ft, Gg^Efm, Gs^Ft, Mdd, Mdd, Mdd, Mdd, Mdd, Gll^Ftr, Gll^Ftr, Gll^Ftr, Ce, Gll^Ftr, Mdd, Gs^Ft, Gll^Ftr, Gll^Ftr, Gs^Ft, Gg^Efm, Gs^Ft, Gll^Ftr, Gll^Ftr, Gll^Ftr, Gs^Ft, Wwt, Dd^Ftd, Gll^Ftr, Mdd, Gs^Ft, Hd^Ftd, Hd, Dd, Rd, Dd, Dd, Mdd, Mdd, Mdd, Mdd, Gll^Ftr, Gs^Ft, Gll^Ftr, Gll^Ftr, Gs^Ft, Gll^Ftr, Gg^Efm, Mdd, Gll^Ftr, Gs^Ft, Gs^Ft, Mdd, Mdd, Dd^Ftd, Mdd, Mdd, Mdd, Hd, Hd, Rd, Dd, Dd, Dd, Dd, Dd
Gs^Ft, Gg^Efm, Gg^Efm, Gll^Ftr, Gs^Ft, Mdd, Mdd, Mdd, Mdd, Gll^Ftr, Gll^Ftr, Gll^Ftr, Gll^Ftr, Mdd, Mdd, Mdd, Gs^Ft, Gll^Ftr, Gs^Ft, Gs^Ft, Dd^Ftd, Gs^Ft, Mdd, Mdd, Mdd, Gll^Ftr, Gll^Ftr, Gs^Ft, Gll^Ftr, Gll^Ftr, Mdd, Gll^Ftr, Dd^Ftd, Wwt, Dd^Ftd, Gll^Ftr, Mdd, Gs^Ft, Hd^Ftd, Dd, Dd, Dd^Vdt, Dd, Hd, Hd, Mdd, Mdd, Mdd, Hd^Ftd, Gs^Ft, Mdd, Gs^Ft, Gs^Ftp, Mdd, Mdd, Mdd, Gll^Ftr, Gll^Ftr, Gs^Ft, Dd^Ftd, Hd^Ftd, Hd, Dd, Dd, Dd, Rd, Dd, Dd, Dd, Rd, Rd, Dd
Gll^Ftr, Gs^Ft, Gll^Ftr, Gg^Efm, Ko, Gll^Ftr, Co, Mdd, Mdd, Mdd, Gll^Ftr, Kdr, Gs^Ft, Gs^Ft, Mdd, Gs^Ft, Dd^Ftd, Dd^Ftd, Mdd, Dd^Ftd, Hd^Ftd, Hd^Ftd, Hd^Ftd, Mdd, Dd^Ftd, Gs^Ft, Gs^Ft, Gll^Ftr, Gs^Ft, Mdd, Mdd, Mdd, Gs^Ft, Wwt, Gll^Ftr, Mdd, Mdd, Mdd, Hd^Ftd, Hd, Dd, Dd, Rd, Dd, Dd, Hd, Hd, Hd, Hd, Mdd, Mdd, Mdd, Hd^Ftd, Dd^Ftd, Mdd, Gs^Ft, Gs^Ft, Gs^Ft, Mdd, Mdd, Mdd, Hd, Dd, Dd, Dd, Dd, Hd, Dd, Dd, Dd, Dd, Dd
Gll^Ftr, Mdd, Mdd, Gs^Ft, Co, Co, Co, Ko, Gll^Ftr, Gll^Ftr, Gs^Ft, Gs^Ft, Dd^Ftd, Mdd, Mdd, Mdd, Mdd, Mdd, Mdd, Mdd, Mdd, Hd, Hd, Hd^Ftd, Hd, Dd^Ftd, Mdd, Gs^Ft, Dd^Ftd, Gs^Ft, Dd^Ftd, Gs^Ft, Mdd, Gll^Ftr, Gll^Ftr, Gs^Ft, Mdd, Mdd, Mdd, Hd, Hd, Dd, Rd, Dd, Dd, Dd, Dd, Dd, Dd, Hd, Dd, Hd, Mdd, Mdd, Hd^Ftd, Dd^Ftd, Mdd, Hd^Ftd, Hd, Mdd, Dd, Dd, Dd, Dd, Hd, Mdd, Mdd, Hd, Dd, Dd, Dd, Dd
Gs^Ft, Gll^Ftr, Gll^Ftr, Mdd, Co, Ko, Co, Gll^Ftr, Mdd, Mdd, Mdd, Dd^Ftd, Hd^Ftd, Hd^Ftd, Hd, Mdd, Mdd, Mdd, Hd, Mdd, Mdd, Mdd, Hd, Hd, Mdd, Mdd, Mdd, Mdd, Mdd, Hd^Ftd, Mdd, Mdd, Gs^Ft, Gs^Ft, Gs^Ft, Gs^Ft, Dd^Ftd, Mdd, Hd^Ftd, Hd, Dd, Dd, Dd, Dd, Dd, Dd, Dd, Kdr, Dd, Rd, Rd, Hd, Hd, Hd, Hd, Mdd, Mdd, Mdd, Hd, Dd, Dd, Dd^Vdt, Dd, Hd, Mdd, Mdd, Mdd, Mdd, Dd, Dd, Dd, Dd
Gg^Efm, Gs^Ft, Gs^Ft, Gll^Ftr, Gll^Ftr, Co, Ko, Gs^Ft, Dd^Ftd, Mdd, Mdd, Mdd, Mdd, Hd, Dd, Hd, Hd, Hd, Dd, Hd, Mdd, Mdd, Mdd, Hd, Dd, Mdd, Mdd, Mdd, Mdd, Mdd, Hd, Dd^Ftd, Mdd, Mdd, Mdd, Dd^Ftd, Mdd, Mdd, Hd, Hd, Dd, Kdr, Dd, Dd, Rd, Dd, Dd, Rd, Dd, Dd, Dd, Dd, Dd, Dd, Dd, Hd, Hd, Hd, Hd, Kdr, Hd, Dd, Hd, Hd, Mdd, Mdd, Hd, Hd, Dd, Dd, Dd, Dd
Gg^Efm, Gg^Efm, Gll^Ftr, Gll^Ftr, Mdd, Gll^Ftr, Gs^Ft, Dd^Ftd, Mdd, Mdd, Mdd, Mdd, Hd, Hd, Dd, Dd, Dd, Dd, Dd, Hd, Hd, Mdd, Dd, Hd, Dd, Dd, Dd, Hd, Dd, Dd, Dd, Dd, Hd, Mdd, Hd, Mdd, Hd, Hd^Ftd, Dd, Dd, Dd, Dd, Dd^Vdt, Rd, Dd, Rd, Dd, Dd, Hd, Dd, Mdd, Mdd, Mdd, Hd, Hd, Hd, Mdd, Hd, Hd, Hd, Mdd, Hd, Mdd, Mdd, Mdd, Mdd, Mdd, Dd, Dd, Dd, Dd, Dd
Gll^Ftr, Gs^Ft, Ce, Mdd, Mdd, Mdd, Mdd, Dd^Ftd, Hd^Ftd, Mdd, Mdd, Mdd, Mdd, Dd^Vdt, Dd, Dd, Dd, Dd, Rd, Dd, Dd, Dd, Dd, Dd^Vdt, Dd, Rd, Dd, Kdr, Hd, Hd, Hd, Dd, Dd, Hd, Mdd, Mdd, Mdd, Hd, Dd, Rd, Dd, Dd, Hd, Dd, Hd, Dd, Mdd, Mdd, Ce, Dd^Ftd, Hhd^Ftp, Mdd, Hhd^Ftp, Dd^Ftd, Mdd, Mdd, Mdd, Mdd, Mdd, Mdd, Mdd, Mdd, Mdd, Hhd^Ftp, Hd^Ftd, Mdd, Hd, Dd, Dd, Dd^Vdt, Dd, Dd
Gll^Ftr, Gll^Ftr, Gll^Ftr, Gll^Ftr, Gs^Ft, Mdd, Mdd, Mdd, Hd, Hd, Mdd, Mdd, Hd, Dd, Mdd, Dd, Dd, Rd, Dd, Dd, Hd, Dd, Mdd, Dd, Hd, Dd, Hd, Dd, Hd, Mdd, Mdd, Dd, Hd, Dd, Dd, Mdd, Dd, Dd, Dd, Dd, Mdd, Hd, Hd^Ftd, Mdd, Mdd, Mdd, Hhd^Ftp, Hhd^Ft, Ket, Ce, Hhd^Ftp, Gs^Ft, Gs^Ft, Hhd^Ftp, Hhd^Ftp, Hhd^Ftp, Hd^Ftd, Mdd, Hd^Ftd, Hhd^Ftp, Gs^Ft, Mdd, Mdd, Mdd, Mdd, Hd, Hd, Dd, Dd, Dd, Dd, Dd
Gll^Ftr, Gll^Ftr, Mdd, Gll^Ftr, Gs^Ft, Dd^Ftd, Hd^Ftd, Hd, Hd, Mdd, Mdd, Mdd, Mdd, Mdd, Hd, Dd, Rd, Dd, Dd, Hd, Mdd, Mdd, Mdd, Mdd, Mdd, Hd, Mdd, Mdd, Mdd, Hd, Hd, Mdd, Hd, Dd, Rd, Dd, Dd, Rd, Hd, Mdd, Mdd, Mdd, Mdd, Hhd^Ftp, Hhd^Ftp, Mdd, Wwt, Hd^Ftd, Wwt, Hd^Ftd, Mdd, Gs^Ft, Hhd^Ftp, Gs^Ft, Hhd^Ftp, Wwt, Wwt, Wwt, Wwt, Hd^Ftd, Hhd^Ftp, Ce, Ce, Ket, Mdd, Mdd, Mdd, Dd, Dd, Dd, Dd, Dd
Gs^Ft, Mdd, Mdd, Mdd, Mdd, Dd^Ftd, Hd^Ftd, Hd, Dd, Hd, Dd, Dd, Dd, Hd, Dd, Dd, Rd, Dd, Hd, Mdd, Mdd, Mdd, Hhd^Ftp, Mdd, Mdd, Mdd, Hhd^Ftp, Mdd, Hd, Hd, Dd, Hd, Hd, Hd, Dd, Rd, Dd, Dd, Hd, Hd^Ftd, Hhd^Ftp, Mdd, Mdd, Mdd, Gs^Ft, Hd^Ftd, Wwt, Wwt, Wwt, Mdd, Mdd, Mdd, Mdd, Mdd, Mdd, Hhd^Ftp, Mdd, Hd^Ftd, Mdd, Mdd, Mdd, Hhd^Ftp, Hd^Ftd, Mdd, Mdd, Mdd, Hd, Dd, Dd, Dd, Rd, Dd
Gs^Ft, Gs^Ft, Gs^Ft, Mdd, Mdd, Mdd, Hd, Hd, Dd, Dd, Dd, Dd^Vdt, Dd, Dd, Dd, Dd, Dd, Dd, Hd, Hd, Mdd, Hhd^Ftp, Hd^Ftd, Hhd^Ftp, Hhd^Ftp, Gs^Ft, Hhd^Ftp, Hd^Ftd, Mdd, Hd, Dd, Dd, Dd, Kdr, Rd, Dd, Dd, Hd, Mdd, Mdd, Mdd, Gs^Ft, Hhd^Ftp, Gs^Ft, Hd^Ftd, Hhd^Ftp, Mdd, Hd^Ftd, Mdd, Mdd, Mdd, Mdd, Mdd, Mdd, Hd, Mdd, Hd, Mdd, Mdd, Mdd, Mdd, Mdd, Mdd, Hd, Hd, Hd, Dd, Dd, Dd, Rd, Dd, Dd
Hd^Ftd, Dd^Ftd, Mdd, Hd^Ftd, Hd, Dd, Dd, Dd, Dd, Dd, Rd, Rd, Dd, Dd, Dd, Rd, Dd, Hd, Hd, Mdd, Mdd, Mdd, Wwt, Wwt, Mdd, Mdd, Mdd, Mdd, Mdd, Mdd, Hd, Dd, Hd, Dd, Dd, Rd, Dd, Dd, Hd, Mdd, Mdd, Mdd, Mdd, Hd^Ftd, Hd, Mdd, Mdd, Mdd, Hd, Mdd, Hd, Hd, Hd, Hd, Dd, Hd, Dd, Hd, Hd, Hd, Hd, Mdd, Hd, Hd, Dd, Dd, Rd, Dd, Dd, Rd, Dd, Dd
Hd, Mdd, Mdd, Mdd, Hd, Dd, Dd, Rd, Dd, Dd, Dd, Dd, Dd, Rd, Dd, Rd, Dd, Hd, Mdd, Dd^Ftd, Hhd^Ftp, Hd^Ftd, Ce, Wwt, Ce, Mdd, Mdd, Mdd, Mdd, Hd, Hd, Hd, Mdd, Hd, Hd, Dd, Dd, Dd, Dd, Hd, Hd, Mdd, Hd, Hd, Kdr, Hd, Hd, Hd, Dd, Hd, Dd, Dd, Rd, Dd, Dd, Rd, Dd^Vdt, Dd, Dd, Dd, Dd, Hd, Dd, Dd, Dd, Rd, Dd, Rd, Dd, Dd, Dd, Dd
Hd, Hd, Dd, Hd, Dd, Kdr, Dd, Dd, Dd, Hd, Mdd, Hd, Dd, Dd, Dd, Dd, Dd^Vdt, Hd, Hd, Mdd, Mdd, Hhd^Ftp, Ce, Ket, Ce, Ce, Hd^Ftd, Mdd, Hd, Hd, Hd, Mdd, Mdd, Mdd, Hd^Ftd, Mdd, Mdd, Dd^Vdt, Dd, Rd, Dd, Hd, Dd, Dd, Dd, Dd, Dd, Dd, Rd, Dd, Dd, Rd, Dd, Dd, Hd, Dd, Mdd, Dd, Hd, Rd, Rd, Dd, Dd, Rd, Dd, Kdr, Dd, Dd^Vdt, Dd, Rd, Rd, Dd
Rd, Dd, Dd, Dd, Dd, Dd, Rd, Rd, Dd, Mdd, Mdd, Mdd, Dd, Kdr, Rd, Dd, Dd, Hd, Mdd, Hd^Ftd, Hhd^Ftp, Ce, Gs^Ft, Gs^Ft, Hhd^Ftp, Hhd^Ftp, Mdd, Hd, Dd, Dd, Dd, Hd, Hd, Hd^Ftd, Wwt, Hd^Ftd, Wwt, Mdd, Mdd, Dd, Dd, Dd, Rd, Rd, Dd, Dd, Rd, Dd, Dd, Dd, Hd, Dd, Mdd, Hd, Hd^Ftd, Mdd, Mdd, Mdd, Mdd, Hd, Hd, Dd, Mdd, Dd, Dd, Dd, Dd, Dd, Mdd, Dd, Dd, Dd
Dd, Dd, Dd, Rd, Dd, Dd, Dd, Dd, Hd, Dd, Dd, Dd, Dd, Dd, Rd, Dd, Dd, Mdd, Mdd, Mdd, Mdd, Hhd^Ftp, Mdd, Mdd, Mdd, Mdd, Mdd, Mdd, Dd, Dd, Rd, Dd, Mdd, Mdd, Mdd, Wwt, Mdd, Hhd^Ftp, Hhd^Ftp, Mdd, Mdd, Dd, Dd, Dd, Dd, Dd, Dd, Rd, Dd^Vdt, Dd, Hd, Mdd, Mdd, Mdd, Mdd, Hhd^Ftp, Hhd^Ftp, Hhd^Ftp, Kdr, Mdd, Mdd, Mdd, Mdd, Mdd, Mdd, Hd, Hd, Mdd, Mdd, Mdd, Dd, Dd
Hd^Ftd, Hd, Mdd, Dd, Hd^Ftd, Dd, Mdd, Mdd, Mdd, Hd, Mdd, Hd, Dd^Vdt, Dd, Dd, Dd, Hd, Hd, Mdd, Mdd, Mdd, Mdd, Hd^Ftd, Mdd, Mdd, Mdd, Mdd, Dd, Rd, Dd, Dd, Dd, Hd, Mdd, Hhd^Ft, Mdd, Mdd, Mdd, Hd^Ftd, Hd^Ftd, Hd, Dd, Dd, Rd, Rd, Dd, Dd, Dd, Dd, Dd, Dd, Hd, Hd, Mdd, Mdd, Mdd, Hd^Ftd, Hhd^Ftp, Hd^Ftd, Hhd^Ftp, Mdd, Hd^Ftd, Hhd^Ftp, Mdd, Mdd, Mdd, Mdd, Mdd, Mdd, Hd, Hd, Dd
Hhd^Ft, Hd^Ftd, Hhd^Ft, Mdd, Mdd, Hd^Ftd, Hd^Ftd, Mdd, Hd, Mdd, Mdd, Mdd, Hd, Dd, Hd, Hd, Mdd, Hd^Ftd, Hhd^Ftp, Mdd, Mdd, Hd^Ftd, Hd, Hd, Hd, Mdd, Dd, Rd, Dd, Dd, Hd, Hd, Hd^Ftd, Hd^Ftd, Gs^Ft, Hhd^Ft, Hhd^Ft, Hd^Ftd, Mdd, Mdd, Mdd, Hd, Dd, Dd, Dd, Dd, Dd, Dd, Dd, Rd, Dd, Dd, Dd, Dd, Dd, Hd, Hd, Hd, Hd, Hd^Ftd, Mdd, Mdd, Mdd, Hhd^Ftp, Ce, Ce, Ce, Mdd, Mdd, Mdd, Mdd, Dd
Hhd^Ft, Hhd^Ft, Wwt, Hd^Ftd, Hd^Ftd, Hhd^Ft, Hhd^Ft, Hd^Ftd, Hd^Ftd, Hd, Hd, Hd, Mdd, Hd, Mdd, Mdd, Mdd, Mdd, Hhd^Ftp, Gs^Ft, Mdd, Mdd, Dd, Dd, Dd, Dd^Vdt, Rd, Dd, Hd, Dd, Mdd, Hd^Ftd, Mdd, Mdd, Mdd, Gs^Ft, Hhd^Ft, Hd^Ftd, Hd, Mdd, Hd, Hd, Hd, Hd, Rd, Dd, Kdr, Hd, Hd, Dd, Hd, Dd, Hd, Dd, Hd, Dd, Dd, Dd, Mdd, Mdd, Hd, Dd^Ftd, Mdd, Hd^Ftd, Gs^Ft, Ket, Ce, Hhd^Ftp, Hhd^Ftp, Mdd, Mdd, Dd
Gs^Ft, Hhd^Ft, Hhd^Ft, Wwt, Wwt, Wwt, Hhd^Ft, Hhd^Ft, Hd^Ftd, Hd, Mdd, Mdd, Mdd, Mdd, Hd^Ftd, Mdd, Mdd, Hd^Ftd, Hd^Ftd, Mdd, Hd, Hd, Dd, Dd, Dd, Rd, Dd, Dd, Mdd, Mdd, Hhd^Ft, Ce, Gs^Ft, Mdd, Gs^Ft, Hhd^Ft, Mdd, Hd^Ftd, Hd, Hd, Hd, Dd, Rd, Cdr, Hd^Ftd, Cdr, Dd^Vdt, Cdr, Hd^Ftd, Cdr, Dd^Vdt, Cdr, Rd, Cdr, Cdr, Dd, Dd, Dd, Dd, Dd, Dd^Vdt, Mdd, Mdd, Mdd, Gs^Ft, Ce, Hhd^Ftp, Gs^Ft, Mdd, Mdd, Dd, Dd
Gs^Ft, Gs^Ft, Mdd, Hhd^Ft, Hhd^Ft, Hhd^Ft, Mdd, Mdd, Mdd, Mdd, Mdd, Mdd, Hhd^Ftp, Hhd^Ftp, Hhd^Ft, Mdd, Mdd, Mdd, Mdd, Hd, Hd, Dd, Dd, Dd, Kdr, Dd, Dd, Dd, Hd, Hd^Ftd, Ce, Ket, Hhd^Ft, Gs^Ft, Hhd^Ft, Mdd, Mdd, Mdd, Dd, Dd, Cdr, Cdr, Dd^Vdt, Hd^Ftd, Rd, Hd^Ftd, Cd, Rd, Cd, Rd, Cd, Hd^Ftd, Dd^Vdt, Kdr, Rd, Hd, Dd, Dd, Dd, Dd, Dd, Hd, Hd, Mdd, Mdd, Hhd^Ftp, Hd^Ftd, Mdd, Mdd, Hd, Dd, Dd
Gs^Ft, Mdd, Mdd, Mdd, Ce, Ce, Hhd^Ftd, Mdd, Hhd^Ftp, Hhd^Ftp, Hhd^Ftp, Hhd^Ftp, Gs^Ft, Gs^Ft, Hhd^Ftp, Hhd^Ft, Hd^Ftd, Mdd, Mdd, Mdd, Hd, Hd, Dd, Dd, Rd, Rd, Dd, Dd, Hd, Hhd^Ft, Hhd^Ft, Hd^Ftd, Wwt, Hd^Ftd, Hd^Ftd, Mdd, Mdd, Hd, Dd, Hd, Rd, Hd^Ftd, Cd, Rd, Cd, Kd, Dd^Ftd, Dd^Vda, Dd^Ftd, Cd, Kd, Cd, Hd^Ftd, Dd^Vdt, Hd^Ftd, Cdr, Rd, Hd, Hd, Dd, Hd, Hd, Dd, Dd, Dd, Mdd, Dd, Hd, Dd, Mdd, Dd, Wwt
Gs^Ft, Gs^Ft, Hhd^Ft, Ce, Ket, Ce, Ce, Hhd^Ftd, Mdd, Mdd, Mdd, Hhd^Ftp, Mdd, Mdd, Mdd, Hd^Ftd, Mdd, Mdd, Hd, Hd, Hd, Hd, Mdd, Dd, Dd, Dd, Rd, Dd, Mdd, Hd^Ftd, Hhd^Ft, Hd^Ftd, Wwt, Wwt, Hhd^Ft, Hhd^Ft, Hhd^Ft, Mdd, Hd, Cdr, Dd^Vdt, Kd, Dd^Vda, Dd^Ftd, Dd^Vda, Rd^Vov, Dd^Ftd, Wwt, Dd^Ftd, Rd^Vov, Dd^Ftd, Dd^Vda, Wwt, Dd^Vda, Rd, Kdr, Cdr, Cdr, Hd, Hd, Wwrt, Wwrt, Wwt, Wwrt, Wwrt, Dd, Wwrt, Wwrt, Wwt, Dd, Wwt, Wwt
Gs^Ft, Mdd, Mdd, Hhd^Ft, Hhd^Ft, Ce, Wwt, Wwt, Hhd^Ftd, Mdd, Mdd, Mdd, Mdd, Mdd, Mdd, Mdd, Mdd, Hd, Hd, Hd, Hd, Mdd, Mdd, Mdd, Mdd, Dd, Dd, Rd, Dd, Mdd, Mdd, Hhd^Ft, Hhd^Ft, Hd^Ftd, Gs^Ft, Gs^Ft, Hhd^Ft, Hd^Ftd, Hd, Cdr, Hd^Ftd, Cd, Dd^Vda, Wwt, Dd^Ftd, Rd, Rd, Dd^Vda, Rd, Rd, Dd^Ftd, Wwt, Dd^Ftd, Dd^Ftd, Cd, Dd^Ftd, Wwf, Dd, Wwt, Wwt, Wwt, Wwrt, Wwt, Wwt, Wwt, Wwt, Wwt, Wwt, Wot, Wwt, Wot, Wot
Mdd, Mdd, Mdd, Mdd, Hhd^Ft, Hhd^Ftd, Hhd^Ft, Hhd^Ftd, Mdd, Gs^Ft, Mdd, Mdd, Hd, Hd, Hd, Mdd, Hd, Hd, Dd, Dd, Dd, Hd, Hd, Mdd, Mdd, Mdd, Dd, Rd, Dd, Hd, Hd, Dd^Ftd, Hhd^Ft, Gs^Ft, Hhd^Ft, Hhd^Ft, Mdd, Mdd, Cdr, Rd, Hd^Ftd, Cd, Rd, Dd^Ftd, Rd, Rd, Rd, Rd, Dd^Vda, Dd^Vda, Cd, Dd^Vda, Cd, Rd, Dd^Ftd, Wwf^Bw\, Wwf, Wwt, Wwrt, Wwrt, Wwt, Wwt, Wot, Wot, Wot, Wot, Wot, Wot, Wot, Wot, Wot, Wot
Hd^Ftd, Mdd, Mdd, Mdd, Mdd, Hhd^Ft, Mdd, Mdd, Mdd, Mdd, Hd, Hd, Mdd, Hd, Dd, Dd, Dd, Dd, Dd, Rd, Dd, Dd, Dd, Dd, Dd, Hd, Dd, Dd, Dd^Vdt, Dd, Mdd, Mdd, Mdd, Hhd^Ft, Hd^Ftd, Mdd, Hd, Hd, Cdr, Kdr, Hd^Ftd, Rd, Cd, Rd^Vov, Dd^Vda, Dd^Ftd, Dd^Ftd, Rd, Cd, Kd, Wwf^Bw\, Wwf^Bw\, Wwf, Dd^Ftd, Wwf, Wwf, Wwt, Wwt, Wwt, Wwt, Wwt, Wot, Wot, Wot, Wot, Wot, Wot, Wot, Wot, Wot, Wot, Wot
Hd, Hd^Ftd, Hd, Mdd, Hd, Hd^Ftd, Hd, Hd, Hd, Hd, Hd, Mdd, Mdd, Mdd, Dd, Dd, Rd, Dd, Dd, Rd, Dd, Dd, Hd, Dd, Dd, Dd, Dd, Rd, Dd, Dd, Hd, Mdd, Mdd, Mdd, Mdd, Hd, Dd, Hd, Hd, Rd, Dd^Vdt, Hd^Ftd, Cd, Kd, Dd^Ftd, Wwt, Dd^Vda, Rd, Dd^Ftd, Wwf^Bw\, Wwf, Wwf, Wwf, Wwf, Wwt, Wwf, Wwt, Wwt, Wwt^Bw\, Ds, Ds, Wwt, Wot, Wot, Wot, Wot, Wot, Wot, Wot, Wot, Wot, Wot
Dd, Hd, Dd, Dd, Dd, Hd, Dd, Dd, Dd, Dd, Dd, Dd, Dd, Dd, Dd, Rd, Dd, Dd, Dd^Vdt, Dd, Dd, Mdd, Mdd, Hd, Hd, Hd, Hd, Dd, Rd, Dd, Kdr, Hd, Hd, Mdd, Hd, Dd, Dd, Dd, Rd, Cdr, Cdr, Hd^Ftd, Hd^Ftd, Cd, Dd^Vda, Dd^Ftd, Cd, Cd, Wwf, Wwf, Wwt, Wwt, Wwt, Wwt, Wwrt, Wwt, Wwrt, Wwt, Ds, Kd, Ds, Wwt, Wot, Wot, Wot, Wot, Wot, Wot, Wot, Wot, Wot, Wot
Rd, Dd, Rd, Dd, Dd^Vdt, Dd, Rd, Rd, Rd, Dd, Rd, Rd, Dd, Kdr, Dd, Rd, Dd, Dd, Dd, Dd, Mdd, Mdd, Mdd, Mdd, Hd, Hd, Mdd, Dd, Dd, Dd, Dd, Dd, Dd, Dd, Rd, Dd, Rd, Dd, Dd, Hd, Hd, Rd, Dd^Vdt, Rd, Rd, Rd, Wwf, Wwf^Bw\, Wwf, Wwf, Wwt, Wwt, Wwrt, Wwt, Wwt, Wwrt, Wwrt, Wwt, Wwt, Ds, Wwt, Wwt, Wot, Wot, Wot, Wot, Wot, Wot, Wot, Wot, Wot, Wot
Dd, Dd, Dd, Rd, Dd, Dd, Dd, Dd, Dd, Dd, Dd, Dd, Dd, Dd, Rd, Dd, Dd, Mdd, Mdd, Hd, Hd^Ftd, Mdd, Hhd^Ftp, Hd^Ftd, Hd^Ftd, Mdd, Mdd, Mdd, Dd, Rd, Rd, Rd, Dd, Rd, Dd, Dd, Dd, Dd, Rd, Rd, Rd, Cdr, Cdr, Kdr, Dd^Ftd, Dd^Ftd, Wwt, Wwf, Wwt, Wwt, Wwt, Wwrt, Wwt, Wwt, Ds, Wwt, Wwt, Wwt, Wot, Wwt, Wot, Wot, Wot, Wot, Wot, Wot, Wot, Wot, Wot, Wo, Wo, Wo
Hd, Hd, Hd, Dd, Mdd, Hd, Hd^Ftd, Hd, Mdd, Dd, Hd, Dd, Dd, Dd, Dd, Dd, Mdd, Hd, Hd^Ftd, Mdd, Hhd^Ftp, Hhd^Ftp, Hd^Ftd, Hhd^Ftp, Hhd^Ftp, Hhd^Ftp, Mdd, Mdd, Hd, Dd, Dd, Dd, Dd, Dd, Mdd, Mdd, Mdd, Hd, Hd, Dd, Dd, Hd, Hd, Hd, Wwt, Wwt, Wwt^Bw|, Wwt, Wwt, Wwrt, Wwrt, Wwt, Ds, Ds, Mdd, Mdd, Wwt, Wot, Wot, Wot, Wot, Wot, Wot, Wot, Wot, Wot, Wot, Wot, Wo, Wo, Wo, Wo
Hd^Ftd, Hd^Ftd, Hd^Ftd, Mdd, Mdd, Mdd, Hd^Ftd, Mdd, Mdd, Mdd, Hd, Hd, Hd, Dd, Rd, Mdd, Mdd, Mdd, Hhd^Ftp, Hhd, Ket, Wwt, Wwt, Wwt, Hhd^Ftp, Mdd, Hhd^Ftp, Hd^Ftd, Mdd, Hd, Dd, Dd, Dd, Hd, Hd^Ftd, Mdd, Hhd^Ftp, Hd^Ftd, Mdd, Dd, Dd, Dd, Wwt, Wwt, Wwt, Ds, Kd, Ds, Wwt, Wwrt, Wwt, Wwt, Ds, Mdd, Ds, Ds, Wwt, Wot, Wot, Wot, Wot, Wot, Wot, Wot, Wot, Wot, Wot, Wo, Wo, Wot, Wo, Wo
Mdd, Mdd, Mdd, Hhd^Ft, Gs^Ft, Hhd^Ft, Hhd^Ft, Hhd^Ft, Hd^Ftd, Hd, Mdd, Mdd, Mdd, Dd, Dd, Dd, Mdd, Hd, Hd^Ftd, Ce, Hhd^Ftp, Ce, Hhd^Ftp, Hd^Ftd, Gs^Ft, Gs^Ft, Mdd, Mdd, Mdd, Mdd, Hd, Dd, Mdd, Mdd, Mdd, Hhd^Ftp, Hhd^Ftp, Hd^Ftd, Hd, Dd, Dd, Dd, Wwt, Wwrt, Wwt, Ds, Ds, Ds, Wwt, Wwt, Wot, Wwt, Wwt, Wwt, Wwt, Wwt, Wot, Wot, Wot, Wot, Wot, Wot, Wot, Wot, Wot, Wot, Wo, Wo, Wot, Wo, Wo, Wo
Gll^Ftr, Mdd, Mdd, Mdd, Mdd, Gs^Ft, Ce, Gs^Ft, Ce, Hd^Ftd, Hd^Ftd, Mdd, Mdd, Hd, Hd, Dd, Dd, Mdd, Mdd, Hd^Ftd, Hd^Ftd, Hhd^Ftp, Hhd^Ftp, Gs^Ft, Mdd, Mdd, Gs^Ft, Gs^Ft, Ce, Hd^Ftd, Mdd, Hd, Hd^Ftd, Mdd, Hd^Ftd, Gs^Ft, Ce, Mdd, Mdd, Hd, Hd, Dd, Dd, Wwt, Wwt, Wwt, Wwt, Wwt, Wot, Wot, Wot, Wot, Wot, Wot, Wot, Wot, Wot, Wot, Wot, Wot, Wot, Wot, Wot, Wot, Wo, Wot, Wo, Wo, Wo, Wot, Wo, Wo
Gll^Ftr, Gs^Ft, Gs^Ft, Mdd, Hd^Ftd, Hhd^Ft, Ce, Ket, Ce, Hhd^Ft, Hhd^Ft, Hhd^Ft, Hd^Ftd, Mdd, Mdd, Dd, Dd, Dd, Dd, Hd, Mdd, Mdd, Mdd, Hhd^Ftp, Hhd^Ftp, Gs^Ft, Ce, Ket, Wwt, Hd^Ftd, Hhd^Ftp, Mdd, Mdd, Hd^Ftd, Wwt, Wwt, Ket, Hhd^Ft, Hhd^Ft, Mdd, Mdd, Mdd, Dd, Wwrt, Wwt, Wot, Wot, Wot, Wot, Wot, Wot, Wot, Wot, Wot, Wot, Wot, Wot, Wot, Wot, Wot, Wot, Wot, Wot, Wo, Wo, Wo, Wo, Wo, Wo, Wo, Wo, Wo
Mdd, Mdd, Mdd, Hhd^Ft, Wwt, Wwt, Hd^Ftd, Ce, Gs^Ft, Ce, Hhd^Ft, Hhd^Ft, Hd^Ftd, Hd^Ftd, Hd, Hd, Dd, Rd, Rd, Dd, Dd, Mdd, Mdd, Mdd, Mdd, Hd^Ftd, Hd^Ftd, Hhd^Ft, Hd^Ftd, Wwt, Hhd^Ftp, Gs^Ft, Mdd, Hhd^Ftp, Hhd^Ftp, Ce, Hhd^Ftp, Hhd^Ft, Hd^Ftd, Mdd, Dd, Dd, Wwt, Wwt, Wot, Wot, Wot, Wot, Wot, Wot, Wot, Wot, Wot, Wot, Wot, Wot, Wot, Wot, Wot, Wot, Wot, Wot, Wo, Wo, Wo, Wo, Wot, Wot, Wo, Wo, Wo, Wo
Gs^Ft, Mdd, Gs^Ft, Hhd^Ft, Hd^Ftd, Wwt, Wwt, Hhd^Ft, Gs^Ft, Gs^Ft, Hhd^Ft, Hhd^Ft, Mdd, Mdd, Mdd, Hd, Hd, Dd, Dd, Dd^Vdt, Dd, Dd, Dd, Mdd, Dd, Hd, Hd, Mdd, Mdd, Hhd^Ftp, Hhd^Ftp, Gs^Ft, Hhd^Ftp, Mdd, Mdd, Hhd^Ftp, Mdd, Mdd, Mdd, Dd, Wwrt, Wwrt, Wwt, Wot, Wot, Wot, Wot, Wot, Wot, Wot, Wo, Wot, Wo, Wot, Wot, Wot, Wot, Wot, Wot, Wot, Wot, Wo, Wot, Wot, Wo, Wo, Wo, Wot, Wo, Wo, Wot, Wo
Gs^Ft, Gs^Ft, Mdd, Mdd, Mdd, Hd^Ftd, Gs^Ft, Hhd^Ft, Mdd, Mdd, Mdd, Hhd^Ft, Hd^Ftd, Mdd, Mdd, Mdd, Mdd, Hd, Hd, Dd, Rd, Dd, Dd, Dd, Dd, Dd, Dd, Hd, Hd, Mdd, Mdd, Mdd, Mdd, Dd^Ftd, Hd, Hd^Ftd, Hd, Mdd, Hd, Dd, Wwt, Wwt, Wot, Wot, Wot, Wot, Wot, Wot, Wo, Wo, Wo, Wo, Wo, Wot, Wo, Wot, Wo, Wot, Wo, Wo, Wo, Wo, Wo, Wot, Wo, Wot, Wo, Wo, Wo, Wo, Wot, Wo
Gs^Ft, Gs^Ft, Hd^Ftd, Mdd, Hd^Ftd, Gs^Ft, Hd^Ftd, Hhd^Ft, Hd^Ftd, Mdd, Hd^Ftd, Hd^Ftd, Hd^Ftd, Hd^Ftd, Dd, Mdd, Dd, Hd, Dd, Dd, Dd, Dd, Dd, Dd, Dd, Dd, Dd, Dd, Dd, Hd, Dd, Mdd, Dd, Hd, Hd, Hd, Dd, Hd, Dd, Wwt, Wot, Wot, Wot, Wot, Wot, Wot, Wot, Wot, Wo, Wo, Wot, Wot, Wo, Wo, Wo, Wo, Wo, Wo, Wo, Wo, Wo, Wo, Wo, Wo, Wo, Wo, Wo, Wo, Wo, Wo, Wo, Wo
