Rd, Rd, Dd, Dd, Dd, Hd, Dd, Dd, Dd, Dd, Dd, Dd, Dd, Dd, Dd, Dd, Dd, Wwf, Dd, Dd, Dd, Dd, Dd, Dd, Mdd, Hhd^Ft, Hhd^Ft, Gs^Ft, Hhd^Ft, Gs^Ft, Gs^Ft, Gs^Ft, Hhd^Ft, Hhd^Ft, Mdd, Dd, Dd, Dd, Dd, Rd, Dd, Dd, Dd, Dd, Dd, Dd, Hd, Mdd, Mdd, Hd, Dd, Dd, Dd, Dd, Dd, Dd, Hd, Dd, Dd, Wwt, Wwt, Wot, Wot, Wot, Wot, Wot, Wot, Wot
Dd, Rd, Dd, Dd, Dd, Dd, Hd, Dd, Mdd, Dd, Hd, Dd, Mdd, Dd, Hd, Dd, Dd, Wwf, Dd, Dd, Dd^Vdt, Dd, Rd, Dd, Dd, Mdd, Mdd, Hhd^Ft, Mdd, Hhd^Ft, Hhd^Ft, Hhd^Ft, Hhd^Ft, Mdd, Mdd, Mdd, Dd, Dd, Rd, Rd, Dd, Dd, Hd, Dd, Mdd, Hd, Hd^Ftd, Hd^Ftd, Hhd^Ftp, Mdd, Hd, Dd, Mdd, Hd, Hd, Mdd, Mdd, Hd, Dd, Wwrt, Wwt, Wot, Wot, Wot, Wot, Wot, Wot, Wot
Dd, Rd, Dd, Rd, Hd, Hd, Hd^Ftd, Mdd, Mdd, Mdd, Hd^Ftd, Mdd, Mdd, Mdd, Mdd, Hd, Dd, Wwt, Wwt, Dd, Dd, Dd, Rd, Dd, Dd, Hd, Hd^Ftd, Mdd, Mdd, Mdd, Hhd^Ft, Mdd, Mdd, Hhd^Ft, Hd^Ftd, Dd, Dd, Dd, Dd, Dd, Mdd, Hd, Hd^Ftd, Mdd, Mdd, Mdd, Hhd^Ftp, Hhd^Ftp, Hhd^Ftp, Hd^Ftd, Hd^Ftd, Mdd, Mdd, Mdd, Mdd, Mdd, Hd^Ftd, Mdd, Dd, Dd, Wwt, Wwt, Wwt, Wot, Wot, Wot, Wot, Wot
Dd, Dd, Mdd, Mdd, Mdd, Hd^Ftd, Hhd^Vo, Hhd^Ft, Hhd^Vo, Hhd^Ft, Hhd^Ft, Hhd^Ft, Hhd^Ft, Mdd, Mdd, Mdd, Dd, Wwt, Wwt^Bw/r, Dd, Rd, Dd, Dd, Dd, Dd, Mdd, Mdd, Hhd^Ft, Hhd^Ft, Hd^Ftd, Wwt, Hd^Ftd, Hhd^Ft, Mdd, Hd^Ftd, Hd, Dd, Dd^Vdt, Rd, Dd, Hd, Mdd, Mdd, Hhd^Ftp, Hhd^Ftp, Hhd^Ftp, Hhd^Ft, Hhd^Ft, Hhd^Ft, Hhd^Ftp, Mdd, Mdd, Hhd^Ft, Mdd, Gs^Ft, Hhd^Ftp, Hd^Ftd, Hd, Hd, Dd, Wwt, Wwrt, Wwt, Wot, Wot, Wot, Wot, Wot
Dd, Hd, Hd^Ftd, Mdd, Hhd^Ft, Hhd^Ft, Ko, Hhd^Ft, Co, Ko, Wwt, Hhd^Ft, Wwt, Hhd^Ft, Hhd^Ft, Hd^Ftd, Mdd, Dd, Wwf, Dd, Dd, Rd, Dd, Rd, Dd, Dd, Hd, Mdd, Mdd, Hd^Ftd, Hhd^Ft, Hd^Ftd, Gs^Ft, Hhd^Ftd, Hd^Ftd, Hd, Hd, Dd, Dd, Rd, Dd, Hd, Hd^Ftd, Hd^Ftd, Mdd, Hhd^Ft, Hhd^Ft, Hhd^Ft, Hhd^Ft, Mdd, Hhd^Ft, Hhd^Ft, Gs^Ft, Gs^Ft, Hhd^Ftp, Hhd^Ft, Mdd, Hd, Dd, Wwt, Wwt, Wwrt, Wwt, Wot, Wot, Wot, Wot, Wot
Rd, Dd, Hd^Ftd, Hhd^Ft, Co, Hhd^Vo, Wwt, Co, Co, Hhd^Vo, Hhd^Vo, Co, Co, Ko, Hhd^Ft, Mdd, Mdd, Mdd, Wwf, Dd, Dd, Dd, Dd, Kdr, Dd, Dd, Hd, Mdd, Mdd, Mdd, Hhd^Ft, Cdr, Cdr, Hhd^Vc, Hhd^Ftp, Hd^Ftd, Mdd, Mdd, Dd, Dd, Dd, Hd, Mdd, Mdd, Hhd^Ftp, Hhd^Ft, Gs^Ft, Hhd^Ft, Gs^Ft, Hhd^Vc, Hhd^Vc, Gs^Ft, Mdd, Hhd^Ftp, Hd^Ftd, Mdd, Mdd, Mdd, Dd, Wwrt, Wwt, Wwt, Wot, Wot, Wot, Wot, Wot, Wot
Dd, Dd, Hd^Ftd, Co, Ko, Wwt, Co, Hhd^Vo, Ko, Hhd^Vo, Ko, Co, Wwt, Hhd^Vo, Co, Hd^Ftd, Dd, Dd, Wwf, Dd, Rd, Rd, Rd, Dd, Dd, Dd, Hd, Hd^Ftd, Hhd^Ftp, Hhd^Ft, Kdr, Cdr, Hhd^Ft, Hhd^Ft, Mdd, Mdd, Hd, Dd, Dd, Rd, Dd, Dd, Hd, Hd^Ftd, Mdd, Mdd, Mdd, Hhd^Ftp, Hhd^Ftp, Hhd^Vc, Hhd^Ftp, Hhd^Ftp, Hd^Ftd, Mdd, Mdd, Hd, Dd, Dd, Wwt, Wwrt, Wwt, Wot, Wot, Wot, Wot, Wot, Wot, Wot
Mdd, Hd^Ftd, Hhd^Ft, Hhd^Vo, Wwt, Co, Wwt, Hhd^Vo, Co, Co, Co, Ko, Wwt, Hhd^Vo, Ko, Hd^Ftd, Dd, Wwf, Dd, Dd, Mdd, Hd, Hd, Hd, Hd, Hd, Mdd, Hd^Ftd, Hhd^Ftp, Cdr, Cdr, Cdr, Hhd^Ft, Mdd, Mdd, Mdd, Dd, Dd, Dd, Rd, Dd, Dd, Dd, Hd, Dd, Mdd, Hd, Hd^Ftd, Hd^Ftd, Hhd^Ftp, Mdd, Hd^Ftd, Hd, Hd, Dd, Dd, Dd, Wwt, Wwt, Wwt, Wot, Wot, Wot, Wot, Wot, Wot, Wot, Wot
Dd, Mdd, Mdd, Hhd^Ft, Wwt, Ko, Wwt, Co, Co, Ko, Co, Co, Ko, Co, Hhd^Ft, Mdd, Wwt, Wwt^Bw\r, Dd, Rd, Dd, Mdd, Mdd, Hd^Ftd, Hd^Ftd, Mdd, Mdd, Mdd, Hhd^Ft, Gs^Ft, Gs^Ft, Gs^Ft, Hhd^Ftp, Hhd^Ftp, Hd^Ftd, Hd, Dd, Dd, Dd^Vdt, Dd, Rd, Dd, Dd, Dd, Rd, Dd, Dd, Hd, Mdd, Mdd, Hd, Hd, Dd, Dd, Dd, Dd, Dd, Wwrt, Wwt, Wot, Wot, Wot, Wot, Wot, Wot, Wot, Wo, Wo
Dd, Hd, Mdd, Hhd^Ft, Hhd^Vo, Co, Co, Ko, Wwt, Co, Ko, Hhd^Vo, Co, Co, Ko, Hd^Ftd, Wwt, Wwt, Dd, Dd, Hd, Hd, Hd^Ftd, Hhd^Ftp, Hhd^Ftp, Hhd^Ftp, Hhd^Ft, Hhd^Vc, Ce, Gs^Ft, Gs^Ft, Gs^Ft, Hhd^Ftp, Hd^Ftd, Hd, Dd, Dd, Dd, Dd, Rd, Dd, Rd, Dd, Dd^Vdt, Dd, Rd, Dd, Dd, Dd, Dd, Dd, Dd, Dd, Rd, Rd, Dd, Wwt, Wwt, Wwt, Wot, Wot, Wot, Wot, Wot, Wot, Wot, Wo, Wot
Dd, Mdd, Mdd, Mdd, Co, Ko, Wwt, Co, Hhd^Vo, Wwt, Wwt, Hhd^Vo, Ko, Hhd^Vo, Hhd^Ft, Hd^Ftd, Wwt^Bw\r, Wwt, Dd, Dd, Mdd, Mdd, Hhd^Ftp, Mdd, Mdd, Hhd^Ft, Hhd^Ft, Hhd^Vc, Ce, Ce, Ce, Gs^Ft, Hhd^Ftp, Mdd, Mdd, Dd, Dd, Rd, Dd, Dd, Rd, Dd, Dd, Dd, Mdd, Mdd, Mdd, Hd, Hd, Dd, Mdd, Dd, Hd, Dd, Dd, Dd, Wwt, Wwrt, Wwrt, Wwt, Wot, Wot, Wot, Wot, Wot, Wo, Wo, Wo
Dd, Dd, Hd, Hd^Ftd, Hhd^Ft, Co, Hhd^Vo, Ko, Co, Ko, Co, Co, Hhd^Ft, Hhd^Ft, Mdd, Mdd, Wwrt, Dd, Hd, Mdd, Hd^Ftd, Hhd^Ftp, Gs^Ft, Hhd^Vc, Hhd^Vc, Mdd, Mdd, Hhd^Ft, Hhd^Ft, Ket, Ce, Gs^Ft, Hhd^Ftp, Hd^Ftd, Hd, Mdd, Rd, Dd, Rd, Rd, Dd, Dd, Hd, Hd, Hd^Ftd, Mdd, Hhd^Ftp, Hd^Ftd, Hd^Ftd, Mdd, Mdd, Mdd, Hd, Dd, Dd, Dd, Dd, Wwt, Wwt, Wwt, Wot, Wot, Wot, Wot, Wot, Wo, Wo, Wot
Dd, Dd, Mdd, Mdd, Mdd, Hhd^Ft, Hhd^Ft, Hhd^Ft, Hhd^Ft, Hhd^Vo, Hhd^Ft, Hhd^Ft, Hd^Ftd, Mdd, Dd, Wwrt, Wwt, Dd, Hd, Hd^Ftd, Hd^Ftd, Hhd^Ftp, Ce, Gs^Ft, Hhd^Ft, Mdd, Mdd, Mdd, Hhd^Ft, Ce, Gs^Ft, Hhd^Ft, Mdd, Mdd, Mdd, Dd, Rd, Dd, Dd, Dd, Hd, Hd, Hd^Ftd, Mdd, Hhd^Ftp, Hhd^Ftp, Ce, Hhd^Ftp, Mdd, Hhd^Ftp, Hhd^Ftp, Hd^Ftd, Hd^Ftd, Hd, Dd, Dd^Vdt, Dd, Wwt, Wwt, Wot, Wot, Wot, Wot, Wot, Wot, Wot, Wo, Wo
Dd, Dd, Dd, Mdd, Hd, Hd^Ftd, Mdd, Mdd, Mdd, Hhd^Ft, Mdd, Hd^Ftd, Hd, Dd, Wwf, Wwf, Dd, Dd, Mdd, Hd^Ftd, Hhd^Ftp, Gs^Ft, Ket, Ce, Gs^Ft, Hhd^Ft, Hhd^Ft, Hhd^Ft, Wwt, Hhd^Ftp, Hhd^Vc, Hhd^Ft, Hhd^Ftp, Mdd, Hd, Dd, Dd, Rd, Dd, Dd, Mdd, Hd^Ftd, Hhd^Ftp, Hhd^Ftp, Hhd^Vc, Ce, Ket, Hhd^Ft, Hd^Ftd, Mdd, Mdd, Hhd^Ftp, Hhd^Ftp, Mdd, Hd, Dd, Dd, Wwrt, Wwrt, Wwt, Wot, Wot, Wot, Wot, Wot, Wot, Wot, Wo
Wwf, Dd, Dd, Dd, Dd, Hd, Dd, Mdd, Hd, Mdd, Mdd, Mdd, Dd, Dd, Wwt^Bw\r, Dd, Hd, Mdd, Mdd, Mdd, Hhd^Vc, Gs^Ft, Gs^Ft, Gs^Ft, Hhd^Ftp, Hhd^Ftp, Mdd, Hd^Ftd, Hd^Ftd, Hhd^Vc, Hhd^Ft, Hhd^Ftp, Hd^Ftd, Hd^Ftd, Dd, Rd, Dd, Dd, Mdd, Mdd, Hhd^Ftp, Hhd^Ft, Mdd, Mdd, Mdd, Hhd^Ft, Hd^Ftd, Wwt, Wwt, Hd^Ftd, Hhd^Ft, Hhd^Vc, Ce, Hd^Ftd, Hd^Ftd, Hd, Dd, Wwt, Wwt, Wwt, Wot, Wot, Wot, Wot, Wot, Wo, Wot, Wot
Wwf, Dd, Wwf, Dd, Wwt^Bw|r, Wwt, Wwf, Wwrt, Wwt, Dd, Wwrt, Dd, Wwt, Wwf, Dd, Dd, Mdd, Hd^Ftd, Hd^Ftd, Hhd^Ft, Hhd^Ftp, Gs^Ft, Hhd^Ftp, Hhd^Ft, Mdd, Hd^Ftd, Hd, Mdd, Mdd, Hd^Ftd, Mdd, Mdd, Mdd, Hd, Dd, Kdr, Rd, Rd, Hd, Hd^Ftd, Hhd^Ftp, Gs^Ft, Gs^Ft, Mdd, Mdd, Mdd, Mdd, Wwt, Hd^Ftd, Wwt, Hd^Ftd, Ket, Ce, Hhd^Ftp, Mdd, Mdd, Mdd, Dd, Dd, Wwt, Wwt, Wot, Wot, Wot, Wot, Wot, Wot, Wot
Dd, Wwf, Dd, Wwf, Dd, Wwt, Dd, Wwt, Wwt, Wwt^Bw|r, Wwt, Wwt, Wwt, Wwt, Dd, Mdd, Mdd, Mdd, Mdd, Hhd^Ftp, Hd^Ftd, Hd^Ftd, Mdd, Mdd, Dd, Hd, Dd, Hd, Wwrt, Hd, Hd, Mdd, Dd, Dd, Dd, Dd, Dd, Dd, Mdd, Mdd, Mdd, Hhd^Vc, Hhd^Vc, Hhd^Ft, Hhd^Ft, Mdd, Hhd^Ft, Hhd^Ft, Mdd, Mdd, Mdd, Gs^Ft, Hhd^Ft, Hhd^Ftp, Hd^Ftd, Mdd, Hd, Dd, Dd, Wwrt, Wwt, Wot, Wot, Wot, Wot, Wot, Wo, Wot
Dd, Dd, Dd, Dd, Rd, Dd, Dd, Dd, Dd, Dd, Dd, Wwt, Wwt, Dd, Dd, Dd, Hd, Mdd, Mdd, Mdd, Hd, Hd, Hd, Dd, Dd, Dd, Wwt, Wwt, Wwt, Wwt, Wwf, Dd, Wwf, Wwf, Wwf, Wwf, Wwf, Dd, Hd, Mdd, Hd^Ftd, Hhd^Ftp, Mdd, Hhd^Ft, Hhd^Ft, Hhd^Ft, Ket, Hhd^Ft, Hhd^Ft, Mdd, Hhd^Ft, Hhd^Ft, Mdd, Hhd^Ftp, Hd^Ftd, Hd, Dd, Dd, Wwt, Wwrt, Wwt, Wot, Wot, Wot, Wot, Wot, Wo, Wo
Dd, Dd, Kdr, Rd, Dd^Vdt, Dd, Hd, Mdd, Mdd, Hd, Dd, Wwf, Wwt, Wwt, Wwt, Dd, Wwf, Hd, Dd, Dd, Dd, Dd, Wwt, Wwt, Wwt, Wwt, Wwt, Wwt, Dd, Wwt, Wwf, Wwf, Dd, Wwf, Wwt, Wwt, Wwt, Dd, Dd, Hd, Mdd, Hhd^Ftp, Hhd^Ftp, Mdd, Mdd, Hhd^Ft, Ce, Ce, Hhd^Vc, Hhd^Vc, Hhd^Ft, Mdd, Mdd, Mdd, Mdd, Hd, Dd, Wwt, Wwt, Wwt, Wot, Wot, Wot, Wot, Wot, Wot, Wot, Wot
Rd, Dd, Dd, Dd, Dd, Dd, Hd^Ftd, Hd^Ftd, Hhd^Ftp, Mdd, Ce, Dd, Dd, Wwt, Wwt, Wwt, Wwt, Wwt, Wwt, Wwt, Wwt, Wwt, Wwt, Wwt, Dd, Wwt, Dd, Dd, Hd, Dd, Hd, Dd, Mdd, Dd, Dd, Wwt, Wwt, Dd, Dd, Dd, Dd, Mdd, Mdd, Hd^Ftd, Hd^Ftd, Hhd^Ft, Hhd^Ftp, Hhd^Ft, Mdd, Mdd, Mdd, Hhd^Ftp, Hd^Ftd, Mdd, Mdd, Mdd, Dd, Wwrt, Wwt, Wot, Wot, Wot, Wot, Wot, Wo, Wo, Wot, Wot
Mdd, Rd, Hd^Ftd, Dd, Mdd, Hd^Ftd, Hhd^Ftp, Hhd^Ftp, Gs^Ft, Ce, Ket, Ce, Dd, Dd, Dd, Wwf, Dd, Wwt, Wwt, Wwt, Wwt, Wwt, Wwf, Dd, Dd, Dd, Mdd, Mdd, Hd^Ftd, Mdd, Hd^Ftd, Mdd, Mdd, Mdd, Dd, Wwt, Wwt, Wwt, Dd, Dd^Vdt, Dd, Hd, Hd, Hd, Hd, Hd^Ftd, Hhd^Ftp, Hhd^Ftp, Hd^Ftd, Mdd, Mdd, Mdd, Hd, Hd, Dd, Dd, Wwrt, Wwt, Wot, Wot, Wot, Wot, Wot, Wot, Wot, Wo, Wot, Wot
Hhd^Ft, Hd^Ftd, Hhd^Ft, Mdd, Mdd, Mdd, Hhd^Ft, Hhd^Vc, Gs^Ft, Gs^Ft, Ce, Ce, Ce, Mdd, Mdd, Hd, Hd, Dd, Dd, Dd, Dd, Dd, Dd, Dd, Hd, Mdd, Hhd^Ftp, Hhd^Ftp, Gs^Ft, Hhd^Ftp, Hhd^Ftp, Hhd^Ftp, Mdd, Hd, Dd, Wwf, Wwt, Wwt, Wwt, Dd, Dd, Dd, Dd, Dd, Mdd, Mdd, Mdd, Hd^Ftd, Hd, Hd, Dd, Dd, Wwt, Wwt, Wwt, Wwrt, Wwt, Wwt, Wot, Wot, Wot, Wot, Wot, Wot, Wo, Wot, Wo, Wo
Hhd^Ft, Hhd^Ft, Hhd^Ft, Hhd^Ft, Hhd^Ft, Hhd^Ft, Hd^Ftd, Hd^Ftd, Hd^Ftd, Gs^Ft, Gs^Ft, Hhd^Ftp, Hhd^Ftp, Hhd^Ftp, Mdd, Mdd, Hd^Ftd, Mdd, Mdd, Hd, Hd, Hd, Mdd, Hd, Hd^Ftd, Hd^Ftd, Hhd^Ft, Hhd^Vc, Hhd^Ft, Hhd^Ft, Hhd^Ft, Mdd, Mdd, Mdd, Dd, Dd, Wwf, Wwt, Wwt, Wwt, Wwt, Wwt, Wwt, Dd, Dd, Mdd, Dd, Hd, Dd, Dd, Wwt, Wwt, Wwrt, Wwt, Wwt, Wwrt, Wwt, Wot, Wot, Wot, Wot, Wot, Wot, Wot, Wot, Wot, Wo, Wo
Mdd, Mdd, Mdd, Hhd^Ft, Hhd^Ft, Gs^Ft, Hd^Ftd, Wwt, Hhd^Ft, Hhd^Vc, Hhd^Vc, Hhd^Ft, Hhd^Ft, Mdd, Mdd, Mdd, Hhd^Ft, Hhd^Ft, Hhd^Ft, Mdd, Hd^Ftd, Mdd, Mdd, Mdd, Hhd^Ft, Hhd^Ftp, Hhd^Vc, Hhd^Ft, Mdd, Mdd, Mdd, Hhd^Ftp, Hd^Ftd, Hd, Dd, Dd, Dd, Wwt, Wwf, Wwt, Wwt, Wwt, Wwt, Wwt, Wwt, Wwrt, Wwt, Dd, Wwrt, Dd, Wwt, Ds, Wwt, Wwt, Wot, Wwt, Wot, Wot, Wot, Wot, Wot, Wot, Wot, Wo, Wot, Wo, Wo, Wo
Hhd^Ft, Mdd, Hhd^Ftp, Hhd^Ft, Hhd^Vc, Hhd^Ft, Gs^Ft, Hd^Ftd, Gs^Ft, Hhd^Ft, Mdd, Mdd, Mdd, Hhd^Ft, Hhd^Ft, Hhd^Ft, Gs^Ft, Gs^Ft, Hhd^Vc, Hhd^Ft, Hhd^Ft, Hhd^Ft, Hhd^Ft, Hhd^Ft, Hhd^Ft, Hhd^Vc, Gs^Ft, Hhd^Ft, Hhd^Ft, Mdd, Hhd^Ft, Hhd^Ftp, Mdd, Mdd, Mdd, Dd, Kdr, Dd, Dd, Dd, Dd, Wwf, Wwf, Wwt, Wwt, Wwt, Wwt, Wwt, Wwt, Wwt, Wwrt, Wwrt, Wwt, Wwt, Wot, Wot, Wot, Wot, Wot, Wot, Wot, Wot, Wo, Wot, Wo, Wo, Wot, Wo
Hhd^Ft, Hhd^Ft, Hhd^Ftp, Hhd^Vc, Gs^Ft, Gs^Ft, Ket, Ce, Gs^Ft, Hhd^Ft, Hhd^Ft, Mdd, Mdd, Mdd, Mdd, Hhd^Ft, Hhd^Ft, Gs^Ft, Hhd^Vc, Gs^Ft, Gs^Ft, Gs^Ft, Hhd^Ft, Mdd, Mdd, Hhd^Ft, Hhd^Ft, Ce, Ket, Hhd^Ft, Ce, Hhd^Ft, Hhd^Ft, Mdd, Hd, Dd, Dd, Dd, Hd, Hd, Mdd, Dd, Dd, Dd, Hd, Wwrt, Dd, Wwt, Wwt, Ds, Wwt, Wwt, Wwt, Wot, Wot, Wot, Wot, Wot, Wot, Wot, Wot, Wo, Wo, Wo, Wo, Wot, Wot, Wo
Hhd^Ft, Mdd, Mdd, Hhd^Ft, Hhd^Ft, Ce, Ce, Ce, Ce, Gs^Ft, Gs^Ft, Hhd^Ft, Hhd^Ftp, Mdd, Mdd, Mdd, Mdd, Hhd^Ft, Gs^Ft, Hhd^Vc, Gs^Ft, Hhd^Ft, Mdd, Hhd^Ft, Hhd^Ft, Mdd, Hhd^Ft, Ce, Ce, Ce, Ce, Gs^Ft, Hhd^Ft, Mdd, Mdd, Hd, Hd, Dd, Mdd, Mdd, Ket, Ce, Ce, Mdd, Mdd, Dd, Hd, Wwrt, Wwrt, Wwt, Wwrt, Wwt, Wot, Wot, Wot, Wot, Wot, Wot, Wo, Wot, Wo, Wo, Wot, Wo, Wot, Wo, Wo, Wo
Hhd^Ft, Hhd^Ft, Hhd^Ft, Mdd, Hhd^Ftp, Gs^Ft, Ce, Gs^Ft, Hhd^Ftp, Hhd^Ft, Mdd, Hhd^Ftp, Hd^Ftd, Hhd^Ftp, Hhd^Ft, Mdd, Hhd^Ft, Hhd^Ft, Hhd^Ft, Gs^Ft, Gs^Ft, Hhd^Ft, Hhd^Ft, Mdd, Mdd, Hhd^Ft, Mdd, Hhd^Ft, Hhd^Ftp, Hhd^Ftp, Hhd^Ftp, Hhd^Ft, Mdd, Hhd^Ftp, Hd^Ftd, Mdd, Hd, Hd, Hd^Ftd, Hhd^Ftd, Wwt, Hd^Ftd, Hhd^Vc, Hhd^Ftp, Hhd^Ft, Mdd, Hd, Dd, Dd, Wwt, Wwt, Wwt, Wot, Wot, Wot, Wot, Wot, Wo, Wot, Wot, Wo, Wot, Wo, Wo, Wo, Wo, Wo, Wo
Hd^Ftd, Mdd, Mdd, Hhd^Ft, Hhd^Ftp, Hhd^Ft, Hhd^Ftp, Hhd^Ftp, Mdd, Mdd, Hd, Hd^Ftd, Hd, Mdd, Mdd, Hhd^Ft, Hhd^Ft, Hhd^Ft, Mdd, Hhd^Ftp, Hhd^Ftp, Hhd^Ft, Hhd^Ftp, Hhd^Ftp, Hhd^Ft, Hhd^Ftp, Hhd^Ftp, Mdd, Mdd, Hd^Ftd, Hd^Ftd, Mdd, Mdd, Mdd, Mdd, Hd, Hd, Hd, Hd^Ftd, Hd^Ftd, Hhd^Ft, Mdd, Mdd, Gs^Ft, Mdd, Mdd, Mdd, Dd, Dd, Wwt, Wwt, Wot, Wot, Wot, Wot, Wot, Wot, Wot, Wo, Wo, Wo, Wo, Wot, Wo, Wo, Wo, Wo, Wo
Dd, Hd, Hd, Mdd, Mdd, Mdd, Mdd, Hd^Ftd, Hd, Hd, Dd, Dd, Dd, Hd, Dd, Mdd, Mdd, Mdd, Hhd^Ft, Hhd^Ft, Mdd, Mdd, Mdd, Hhd^Ft, Gs^Ft, Hhd^Ft, Mdd, Mdd, Mdd, Hd, Dd, Hd, Dd, Mdd, Mdd, Mdd, Hd, Hd, Mdd, Hhd^Ftp, Hhd^Ft, Hhd^Ft, Hd^Ftd, Mdd, Hd, Mdd, Dd, Dd, Dd, Dd, Wwrt, Wwt, Wot, Wot, Wot, Wot, Wo, Wot, Wo, Wot, Wot, Wo, Wo, Wo, Wo, Wo, Wo, Wo
Dd, Dd, Dd, Hd, Dd, Mdd, Hd, Hd, Dd, Dd, Dd, Dd, Dd, Dd^Vdt, Dd, Dd, Dd, Hd^Ftd, Mdd, Hhd^Ft, Hhd^Ft, Mdd, Hhd^Ft, Hhd^Ft, Gs^Ft, Hhd^Ft, Hhd^Ft, Mdd, Dd, Dd, Dd, Dd^Vdt, Dd, Dd, Dd, Dd, Mdd, Hd, Hhd^Ft, Mdd, Mdd, Hhd^Ft, Mdd, Hd, Hd, Dd, Dd, Dd^Vdt, Dd, Dd, Wwt, Wwt, Wot, Wot, Wot, Wot, Wot, Wot, Wo, Wot, Wo, Wo, Wo, Wo, Wo, Wo, Wo, Wo
Dd, Dd, Dd, Dd, Dd, Dd, Dd, Dd, Dd, Dd, Dd, Dd, Dd, Dd, Dd, Hd, Mdd, Mdd, Hhd, Hhd^Ft, Dd^Ft, Hhd^Ft, Dd, Gs^Ft, Gs^Ft, Hhd^Ft, Mdd, Hd^Ftd, Dd, Dd, Dd, Dd, Dd, Dd, Hd, Mdd, Mdd, Mdd, Hhd^Ft, Hhd^Ft, Hhd^Ft, Mdd, Mdd, Mdd, Hd, Dd, Dd, Dd, Wwt, Wwt, Wwt, Wot, Wot, Wot, Wot, Wot, Wot, Wot, Wot, Wo, Wo, Wo, Wo, Wo, Wo, Wo, Wo, Wo
